// Jest Snapshot v1, https://goo.gl/fbAQLP

exports[`renders correctly 1`] = `
<ActivityIndicator
  color="#FFFFFF"
  style={
    Array [
      Object {
        "flex": 1,
        "padding": 16,
      },
      Object {
        "alignItems": "center",
        "bottom": 0,
        "justifyContent": "center",
        "left": 0,
        "position": "absolute",
        "right": 0,
        "top": 0,
        "zIndex": 100000,
      },
    ]
  }
  styles={Object {}}
/>
`;
