// Jest Snapshot v1, https://goo.gl/fbAQLP

exports[`renders correctly 1`] = `
<View
  accessible={true}
  collapsable={false}
  focusable={false}
  onClick={[Function]}
  onResponderGrant={[Function]}
  onResponderMove={[Function]}
  onResponderRelease={[Function]}
  onResponderTerminate={[Function]}
  onResponderTerminationRequest={[Function]}
  onStartShouldSetResponder={[Function]}
  style={
    Object {
      "alignItems": "center",
      "borderColor": undefined,
      "borderRadius": 11,
      "borderWidth": 1,
      "flexDirection": "row",
      "height": 49,
      "marginBottom": 5,
      "opacity": 1,
      "paddingHorizontal": 12,
    }
  }
>
  <Text
    allowFontScaling={false}
    selectable={false}
    style={
      Array [
        Object {
          "color": undefined,
          "fontSize": 12,
        },
        undefined,
        Object {
          "fontFamily": undefined,
          "fontStyle": "normal",
          "fontWeight": "normal",
        },
        Object {},
      ]
    }
  />
</View>
`;
